  Determining projects to restore...
  All projects are up-to-date for restore.
C:\Users\anilc\OneDrive\Masaüstü\GeminiDeneme\AycaMusic\Components\TrackComments.razor(68,80): error RZ1030: TagHelper attributes must be well-formed. [C:\Users\anilc\OneDrive\Masaüstü\GeminiDeneme\AycaMusic\AycaMusic.csproj]
C:\Users\anilc\OneDrive\Masaüstü\GeminiDeneme\AycaMusic\Components\TrackComments.razor(68,78): error CS1056: Unexpected character '$' [C:\Users\anilc\OneDrive\Masaüstü\GeminiDeneme\AycaMusic\AycaMusic.csproj]
C:\Users\anilc\OneDrive\Masaüstü\GeminiDeneme\AycaMusic\obj\Debug\net9.0\Microsoft.CodeAnalysis.Razor.Compiler\Microsoft.NET.Sdk.Razor.SourceGenerators.RazorSourceGenerator\Components_TrackComments_razor.g.cs(475,15): error CS1026: ) expected [C:\Users\anilc\OneDrive\Masaüstü\GeminiDeneme\AycaMusic\AycaMusic.csproj]
C:\Users\anilc\OneDrive\Masaüstü\GeminiDeneme\AycaMusic\Components\TrackComments.razor(68,67): error CS1501: No overload for method 'NavigateTo' takes 0 arguments [C:\Users\anilc\OneDrive\Masaüstü\GeminiDeneme\AycaMusic\AycaMusic.csproj]

Build FAILED.

C:\Users\anilc\OneDrive\Masaüstü\GeminiDeneme\AycaMusic\Components\TrackComments.razor(68,80): error RZ1030: TagHelper attributes must be well-formed. [C:\Users\anilc\OneDrive\Masaüstü\GeminiDeneme\AycaMusic\AycaMusic.csproj]
C:\Users\anilc\OneDrive\Masaüstü\GeminiDeneme\AycaMusic\Components\TrackComments.razor(68,78): error CS1056: Unexpected character '$' [C:\Users\anilc\OneDrive\Masaüstü\GeminiDeneme\AycaMusic\AycaMusic.csproj]
C:\Users\anilc\OneDrive\Masaüstü\GeminiDeneme\AycaMusic\obj\Debug\net9.0\Microsoft.CodeAnalysis.Razor.Compiler\Microsoft.NET.Sdk.Razor.SourceGenerators.RazorSourceGenerator\Components_TrackComments_razor.g.cs(475,15): error CS1026: ) expected [C:\Users\anilc\OneDrive\Masaüstü\GeminiDeneme\AycaMusic\AycaMusic.csproj]
C:\Users\anilc\OneDrive\Masaüstü\GeminiDeneme\AycaMusic\Components\TrackComments.razor(68,67): error CS1501: No overload for method 'NavigateTo' takes 0 arguments [C:\Users\anilc\OneDrive\Masaüstü\GeminiDeneme\AycaMusic\AycaMusic.csproj]
    0 Warning(s)
    4 Error(s)

Time Elapsed 00:00:01.27

Workload updates are available. Run `dotnet workload list` for more information.
